File parametresi

close
Email ve password girildi
Butona basti
